[
  {
    "_text": "1.0",
    "_ty": "TFloat"
  },
  {
    "_text": "1.0e92",
    "_ty": "TFloat"
  },
  {
    "_text": "10e_6",
    "_ty": "TFloat"
  },
  {
    "_text": "1_________.0_______",
    "_ty": "TFloat"
  },
  {
    "_text": "1_.0",
    "_ty": "TFloat"
  },
  {
    "_text": "10_e5",
    "_ty": "TFloat"
  },
  {
    "_text": "35e+5",
    "_ty": "TFloat"
  },
  {
    "_text": "7e-5",
    "_ty": "TFloat"
  },
  {
    "_text": "8E5",
    "_ty": "TFloat"
  }
]
